
========================================================================
== STAGE: evaluate
========================================================================
[eval] E5/E6/E12 evaluated on 364 recordings with all 3 modalities naturally present (of 700 tested); binary balance 0.72, tasks ['Counting1', 'Counting2', 'Counting3', 'Math', 'Reading', 'Speaking', 'Stroop']
[eval] restricting to complete recordings keeps modality availability CONSTANT across conditions, so the degradation curve cannot be driven by the availability/label confound (see README).

=== SHORTCUT AUDIT (full-modality predictions, scored two ways) ===
  all       static   n=700 pos=0.53  F1=0.654 [0.634,0.671]  majority=0.345  margin=+0.309
  all       temporal n=700 pos=0.53  F1=0.673 [0.649,0.694]  majority=0.345  margin=+0.328
  complete  static   n=364 pos=0.72  F1=0.476 [0.452,0.504]  majority=0.418  margin=+0.058
  complete  temporal n=364 pos=0.72  F1=0.485 [0.451,0.523]  majority=0.418  margin=+0.067

=== E2/E4 temporal vs static (full modalities) ===
  macro-F1  temporal=0.485  static=0.476  delta=+0.009 [-0.041,+0.061]  p=0.721  (n=15 runs)

=== E5/E6 missing-modality (macro-F1) ===
  static:
    full         F1=0.476 [0.452,0.504]
    no_audio     F1=0.530 [0.504,0.558]
    no_physio    F1=0.463 [0.440,0.489]
    no_video     F1=0.459 [0.426,0.498]
    audio_only   F1=0.474 [0.430,0.528]
    physio_only  F1=0.510 [0.470,0.545]
    video_only   F1=0.473 [0.416,0.524]
  temporal:
    full         F1=0.485 [0.451,0.523]
    no_audio     F1=0.492 [0.454,0.529]
    no_physio    F1=0.478 [0.442,0.516]
    no_video     F1=0.481 [0.444,0.520]
    audio_only   F1=0.463 [0.430,0.500]
    physio_only  F1=0.511 [0.467,0.555]
    video_only   F1=0.487 [0.443,0.524]

=== E12 HEADLINE degradation ===
  static   missing=0  F1=0.476  rel.drop=  0.0%
  static   missing=1  F1=0.484  rel.drop= -1.7%
  static   missing=2  F1=0.486  rel.drop= -2.1%
  temporal missing=0  F1=0.485  rel.drop=  0.0%
  temporal missing=1  F1=0.484  rel.drop=  0.3%
  temporal missing=2  F1=0.487  rel.drop= -0.4%

=== E13 calibration (mean ECE by #missing) ===
variant   n_missing
static    0            0.109
          1            0.120
          2            0.116
temporal  0            0.137
          1            0.139
          2            0.132

=== E8 per-class recall (3-class, full modalities) ===
 variant            metric  mean  ci_lo  ci_hi
  static aff_recall_class0 0.055  0.023  0.090
temporal aff_recall_class0 0.049  0.006  0.098
  static aff_recall_class1 0.389  0.316  0.474
temporal aff_recall_class1 0.381  0.251  0.523
  static aff_recall_class2 0.598  0.501  0.693
temporal aff_recall_class2 0.710  0.571  0.829
  static      aff_f1_macro 0.318  0.294  0.341
temporal      aff_f1_macro 0.320  0.277  0.356

=== E12b does removing a modality cost anything? (paired vs full) ===
  static   no_physio    delta=-0.013 [-0.031,+0.007]  p=0.172
  static   no_audio     delta=+0.054 [+0.008,+0.099]  p=0.019  *
  static   no_video     delta=-0.017 [-0.037,+0.007]  p=0.137
  static   physio_only  delta=+0.034 [-0.017,+0.082]  p=0.193
  static   audio_only   delta=-0.002 [-0.037,+0.036]  p=0.939
  static   video_only   delta=-0.003 [-0.075,+0.059]  p=0.936
  temporal no_physio    delta=-0.007 [-0.033,+0.017]  p=0.577
  temporal no_audio     delta=+0.007 [-0.029,+0.044]  p=0.696
  temporal no_video     delta=-0.004 [-0.032,+0.025]  p=0.780
  temporal physio_only  delta=+0.026 [-0.015,+0.067]  p=0.219
  temporal audio_only   delta=-0.022 [-0.059,+0.008]  p=0.185
  temporal video_only   delta=+0.002 [-0.045,+0.040]  p=0.911
== stage evaluate took 4s

[run_full] total 4s | results -> F:\stressID\research_way\results\full
