
========================================================================
== STAGE: evaluate
========================================================================
[eval] E5/E6/E12 evaluated on 364 recordings with all 3 modalities naturally present (of 700 tested); binary balance 0.72, tasks ['Counting1', 'Counting2', 'Counting3', 'Math', 'Reading', 'Speaking', 'Stroop']
[eval] restricting to complete recordings keeps modality availability CONSTANT across conditions, so the degradation curve cannot be driven by the availability/label confound (see README).

=== SHORTCUT AUDIT (full-modality predictions, scored two ways) ===
  all       static   n=700 pos=0.53  F1=0.645 [0.621,0.667]  majority=0.345  margin=+0.300
  all       temporal n=700 pos=0.53  F1=0.657 [0.638,0.676]  majority=0.345  margin=+0.313
  complete  static   n=364 pos=0.72  F1=0.475 [0.448,0.506]  majority=0.418  margin=+0.058
  complete  temporal n=364 pos=0.72  F1=0.444 [0.415,0.479]  majority=0.418  margin=+0.026

=== E2/E4 temporal vs static (full modalities) ===
  macro-F1  temporal=0.444  static=0.475  delta=-0.031 [-0.058,-0.002]  p=0.033  (n=15 runs)

=== E5/E6 missing-modality (macro-F1) ===
  static:
    full         F1=0.475 [0.448,0.506]
    no_audio     F1=0.457 [0.423,0.491]
    no_physio    F1=0.462 [0.445,0.478]
    no_video     F1=0.454 [0.426,0.492]
    audio_only   F1=0.438 [0.418,0.460]
    physio_only  F1=0.479 [0.437,0.521]
    video_only   F1=0.421 [0.383,0.454]
  temporal:
    full         F1=0.444 [0.415,0.479]
    no_audio     F1=0.458 [0.440,0.477]
    no_physio    F1=0.449 [0.418,0.484]
    no_video     F1=0.454 [0.432,0.480]
    audio_only   F1=0.458 [0.432,0.489]
    physio_only  F1=0.475 [0.455,0.495]
    video_only   F1=0.468 [0.451,0.488]

=== E12 HEADLINE degradation ===
  static   missing=0  F1=0.475  rel.drop=  0.0%
  static   missing=1  F1=0.458  rel.drop=  3.6%
  static   missing=2  F1=0.446  rel.drop=  6.1%
  temporal missing=0  F1=0.444  rel.drop=  0.0%
  temporal missing=1  F1=0.454  rel.drop= -2.2%
  temporal missing=2  F1=0.467  rel.drop= -5.2%

=== E13 calibration (mean ECE by #missing) ===
variant   n_missing
static    0            0.053
          1            0.101
          2            0.135
temporal  0            0.138
          1            0.138
          2            0.135

=== E8 per-class recall (3-class, full modalities) ===
 variant            metric  mean  ci_lo  ci_hi
  static aff_recall_class0 0.006  0.000  0.018
temporal aff_recall_class0 0.023  0.000  0.053
  static aff_recall_class1 0.447  0.334  0.562
temporal aff_recall_class1 0.316  0.231  0.404
  static aff_recall_class2 0.559  0.450  0.668
temporal aff_recall_class2 0.707  0.604  0.803
  static      aff_f1_macro 0.293  0.266  0.319
temporal      aff_f1_macro 0.301  0.278  0.323

=== E12b does removing a modality cost anything? (paired vs full) ===
  static   no_physio    delta=-0.013 [-0.045,+0.014]  p=0.399
  static   no_audio     delta=-0.018 [-0.062,+0.026]  p=0.422
  static   no_video     delta=-0.021 [-0.039,-0.003]  p=0.026  *
  static   physio_only  delta=+0.004 [-0.049,+0.062]  p=0.887
  static   audio_only   delta=-0.037 [-0.063,-0.011]  p=0.006  *
  static   video_only   delta=-0.054 [-0.096,-0.014]  p=0.011  *
  temporal no_physio    delta=+0.005 [-0.014,+0.031]  p=0.669
  temporal no_audio     delta=+0.014 [-0.030,+0.052]  p=0.524
  temporal no_video     delta=+0.010 [-0.007,+0.028]  p=0.248
  temporal physio_only  delta=+0.031 [-0.013,+0.067]  p=0.123
  temporal audio_only   delta=+0.014 [-0.029,+0.057]  p=0.507
  temporal video_only   delta=+0.024 [-0.018,+0.062]  p=0.245
== stage evaluate took 3s

[run_full] total 3s | results -> F:\stressID\research_way\results\a1a2
